// Jest Snapshot v1, https://goo.gl/fbAQLP

exports[`Menu renders for authenticated user 1`] = `
<nav
  className="responsive-menu-nav "
>
  <div
    className="responsive-menu"
    role="list"
  >
    <div
      className="kebab-menu"
      role="presentation"
    >
      <a
        aria-hidden="true"
        className="kebab-menu-button"
        onClick={[Function]}
      >
        <span
          className="kebab-menu-button-dot"
        />
        <span
          className="kebab-menu-button-dot"
        />
        <span
          className="kebab-menu-button-dot"
        />
      </a>
      <div
        aria-hidden="false"
        className="kebab-menu-contents hidden"
      >
        <div
          className="menu-item-li"
          role="listitem"
        >
          <a
            aria-current={null}
            className="menu-item"
            href="#/foo"
            onClick={[Function]}
          />
        </div>
        <div
          className="menu-item-li"
          role="listitem"
        >
          <a
            aria-current={null}
            className="menu-item"
            href="#/bar"
            onClick={[Function]}
          />
        </div>
      </div>
    </div>
  </div>
</nav>
`;
